#-----------------------------------------------------------
# Vivado v2025.2 (64-bit)
# SW Build 6299465 on Fri Nov 14 19:35:11 GMT 2025
# IP Build 6300035 on Fri Nov 14 10:48:45 MST 2025
# SharedData Build 6298862 on Thu Nov 13 04:50:51 MST 2025
# Start of session at: Sun Jan 18 03:01:48 2026
# Process ID         : 23912
# Current directory  : C:/Users/Hiba Tantawi/Desktop/fpga/uOttaHack_FPGA/fpga_top/fpga_top.runs/synth_1
# Command line       : vivado.exe -log fpga_top.vds -product Vivado -mode batch -messageDb vivado.pb -notrace -source fpga_top.tcl
# Log file           : C:/Users/Hiba Tantawi/Desktop/fpga/uOttaHack_FPGA/fpga_top/fpga_top.runs/synth_1/fpga_top.vds
# Journal file       : C:/Users/Hiba Tantawi/Desktop/fpga/uOttaHack_FPGA/fpga_top/fpga_top.runs/synth_1\vivado.jou
# Running On         : DESKTOP-S8J1DO5
# Platform           : Windows Server 2016 or Windows 10
# Operating System   : 26200
# Processor Detail   : AMD Ryzen 7 5700U with Radeon Graphics         
# CPU Frequency      : 1797 MHz
# CPU Physical cores : 8
# CPU Logical cores  : 16
# Host memory        : 16483 MB
# Swap memory        : 16483 MB
# Total Virtual      : 32967 MB
# Available Virtual  : 16206 MB
#-----------------------------------------------------------
source fpga_top.tcl -notrace
